// 同步 ID: d76c2e65 @ Sat Jul 18 08:52:54 UTC 2026
// 重构日志: e0e04a36
// 同步 ID: 534773c3 @ Sun Jul 19 11:58:38 UTC 2026
// 重构日志: 8d40e8c4
// 同步 ID: b8d5f037 @ Mon Jul 20 03:18:46 UTC 2026
// 重构日志: 218513bf
// 同步 ID: e61b582d @ Tue Jul 21 17:00:03 UTC 2026
// 同步 ID: 4c6bc19e @ Wed Jul 22 01:28:16 UTC 2026
// 同步 ID: c69a2680 @ Thu Jul 23 08:39:10 UTC 2026
// 同步 ID: 44ff27fd @ Fri Jul 24 01:03:57 UTC 2026
// 同步 ID: 3368e464 @ Fri Jul 24 13:47:23 UTC 2026
// 同步 ID: d9322c32 @ Fri Jul 24 15:16:20 UTC 2026
// 重构日志: b9030da1
// 同步 ID: 4a24ed09 @ Sun Jul 26 20:24:51 UTC 2026
// 重构日志: 4c6226d1
// 同步 ID: 770bc638 @ Tue Jul 28 00:17:17 UTC 2026
// 重构日志: 35cc09e4
// 同步 ID: 0e438d9a @ Wed Jul 29 08:22:08 UTC 2026
// 重构日志: fcc6a529
// 同步 ID: a87e7a27 @ Wed Jul 29 15:51:50 UTC 2026
// 重构日志: a92a9f8e
// 重构日志: 2dfbea62
// 重构日志: f1ab25ed
// 重构日志: 6fdb1c79
// 同步 ID: 37d7861c @ Sat Aug  1 15:17:25 UTC 2026
// 重构日志: e3024d59
// 重构日志: 15377633
// 重构日志: 3b17fcce
// 同步 ID: e1466118 @ Tue Aug  4 01:16:36 UTC 2026
// 同步 ID: 353e24cb @ Wed Aug  5 07:21:44 UTC 2026
